Archive member included because of file (symbol)

/usr/lib/gcc/avr/4.8.1/avr4/libgcc.a(_exit.o)
                              /usr/lib/gcc/avr/4.8.1/../../../avr/lib/avr4/crtm8.o (exit)
/usr/lib/gcc/avr/4.8.1/avr4/libgcc.a(_copy_data.o)
                              avr_remote_switch.o (__do_copy_data)
/usr/lib/gcc/avr/4.8.1/avr4/libgcc.a(_clear_bss.o)
                              transmitter_remoteswitch_protocol.o (__do_clear_bss)
/usr/lib/gcc/avr/4.8.1/avr4/libgcc.a(_umulhisi3.o)
                              transmitter_remoteswitch_protocol.o (__umulhisi3)

Memory Configuration

Name             Origin             Length             Attributes
text             0x00000000         0x00002000         xr
data             0x00800060         0x0000ffa0         rw !x
eeprom           0x00810000         0x00010000         rw !x
fuse             0x00820000         0x00000400         rw !x
lock             0x00830000         0x00000400         rw !x
signature        0x00840000         0x00000400         rw !x
user_signatures  0x00850000         0x00000400         rw !x
*default*        0x00000000         0xffffffff

Linker script and memory map

LOAD /usr/lib/gcc/avr/4.8.1/../../../avr/lib/avr4/crtm8.o
LOAD avr_remote_switch.o
LOAD transmitter_remoteswitch_protocol.o
LOAD /usr/lib/gcc/avr/4.8.1/../../../avr/lib/avr4/libm.a
START GROUP
LOAD /usr/lib/gcc/avr/4.8.1/avr4/libgcc.a
LOAD /usr/lib/gcc/avr/4.8.1/../../../avr/lib/avr4/libm.a
LOAD /usr/lib/gcc/avr/4.8.1/../../../avr/lib/avr4/libc.a
END GROUP

.hash
 *(.hash)

.dynsym
 *(.dynsym)

.dynstr
 *(.dynstr)

.gnu.version
 *(.gnu.version)

.gnu.version_d
 *(.gnu.version_d)

.gnu.version_r
 *(.gnu.version_r)

.rel.init
 *(.rel.init)

.rela.init
 *(.rela.init)

.rel.text
 *(.rel.text)
 *(.rel.text.*)
 *(.rel.gnu.linkonce.t*)

.rela.text
 *(.rela.text)
 *(.rela.text.*)
 *(.rela.gnu.linkonce.t*)

.rel.fini
 *(.rel.fini)

.rela.fini
 *(.rela.fini)

.rel.rodata
 *(.rel.rodata)
 *(.rel.rodata.*)
 *(.rel.gnu.linkonce.r*)

.rela.rodata
 *(.rela.rodata)
 *(.rela.rodata.*)
 *(.rela.gnu.linkonce.r*)

.rel.data
 *(.rel.data)
 *(.rel.data.*)
 *(.rel.gnu.linkonce.d*)

.rela.data
 *(.rela.data)
 *(.rela.data.*)
 *(.rela.gnu.linkonce.d*)

.rel.ctors
 *(.rel.ctors)

.rela.ctors
 *(.rela.ctors)

.rel.dtors
 *(.rel.dtors)

.rela.dtors
 *(.rela.dtors)

.rel.got
 *(.rel.got)

.rela.got
 *(.rela.got)

.rel.bss
 *(.rel.bss)

.rela.bss
 *(.rela.bss)

.rel.plt
 *(.rel.plt)

.rela.plt
 *(.rela.plt)

.text           0x00000000      0x2aa
 *(.vectors)
 .vectors       0x00000000       0x26 /usr/lib/gcc/avr/4.8.1/../../../avr/lib/avr4/crtm8.o
                0x00000000                __vectors
                0x00000000                __vector_default
 *(.vectors)
 *(.progmem.gcc*)
                0x00000026                . = ALIGN (0x2)
                0x00000026                __trampolines_start = .
 *(.trampolines)
 .trampolines   0x00000026        0x0 linker stubs
 *(.trampolines*)
                0x00000026                __trampolines_end = .
 *(.progmem*)
                0x00000026                . = ALIGN (0x2)
 *(.jumptables)
 *(.jumptables*)
 *(.lowtext)
 *(.lowtext*)
                0x00000026                __ctors_start = .
 *(.ctors)
                0x00000026                __ctors_end = .
                0x00000026                __dtors_start = .
 *(.dtors)
                0x00000026                __dtors_end = .
 SORT(*)(.ctors)
 SORT(*)(.dtors)
 *(.init0)
 .init0         0x00000026        0x0 /usr/lib/gcc/avr/4.8.1/../../../avr/lib/avr4/crtm8.o
                0x00000026                __init
 *(.init0)
 *(.init1)
 *(.init1)
 *(.init2)
 .init2         0x00000026        0xc /usr/lib/gcc/avr/4.8.1/../../../avr/lib/avr4/crtm8.o
 *(.init2)
 *(.init3)
 *(.init3)
 *(.init4)
 .init4         0x00000032       0x16 /usr/lib/gcc/avr/4.8.1/avr4/libgcc.a(_copy_data.o)
                0x00000032                __do_copy_data
 .init4         0x00000048       0x10 /usr/lib/gcc/avr/4.8.1/avr4/libgcc.a(_clear_bss.o)
                0x00000048                __do_clear_bss
 *(.init4)
 *(.init5)
 *(.init5)
 *(.init6)
 *(.init6)
 *(.init7)
 *(.init7)
 *(.init8)
 *(.init8)
 *(.init9)
 .init9         0x00000058        0x4 /usr/lib/gcc/avr/4.8.1/../../../avr/lib/avr4/crtm8.o
 *(.init9)
 *(.text)
 .text          0x0000005c        0x2 /usr/lib/gcc/avr/4.8.1/../../../avr/lib/avr4/crtm8.o
                0x0000005c                __vector_1
                0x0000005c                __vector_12
                0x0000005c                __bad_interrupt
                0x0000005c                __vector_3
                0x0000005c                __vector_11
                0x0000005c                __vector_13
                0x0000005c                __vector_17
                0x0000005c                __vector_7
                0x0000005c                __vector_5
                0x0000005c                __vector_4
                0x0000005c                __vector_9
                0x0000005c                __vector_15
                0x0000005c                __vector_8
                0x0000005c                __vector_14
                0x0000005c                __vector_10
                0x0000005c                __vector_16
                0x0000005c                __vector_18
 .text          0x0000005e       0xe2 avr_remote_switch.o
                0x0000005e                remote_switch
                0x000000f6                __vector_2
 .text          0x00000140      0x13e transmitter_remoteswitch_protocol.o
                0x00000140                transmitter_init
                0x00000154                timer1delaymicro
                0x0000016c                transmitter_sendbit
                0x00000196                timer1delaymilli
                0x000001be                transmitter_activate
                0x000001c6                transmitter_sendsignal
                0x00000256                __vector_6
 .text          0x0000027e        0x0 /usr/lib/gcc/avr/4.8.1/avr4/libgcc.a(_exit.o)
 .text          0x0000027e        0x0 /usr/lib/gcc/avr/4.8.1/avr4/libgcc.a(_copy_data.o)
 .text          0x0000027e        0x0 /usr/lib/gcc/avr/4.8.1/avr4/libgcc.a(_clear_bss.o)
 .text          0x0000027e        0x0 /usr/lib/gcc/avr/4.8.1/avr4/libgcc.a(_umulhisi3.o)
                0x0000027e                . = ALIGN (0x2)
 *(.text.*)
 .text.startup  0x0000027e       0x10 avr_remote_switch.o
                0x0000027e                main
 .text.libgcc.mul
                0x0000028e        0x0 /usr/lib/gcc/avr/4.8.1/avr4/libgcc.a(_exit.o)
 .text.libgcc.div
                0x0000028e        0x0 /usr/lib/gcc/avr/4.8.1/avr4/libgcc.a(_exit.o)
 .text.libgcc   0x0000028e        0x0 /usr/lib/gcc/avr/4.8.1/avr4/libgcc.a(_exit.o)
 .text.libgcc.prologue
                0x0000028e        0x0 /usr/lib/gcc/avr/4.8.1/avr4/libgcc.a(_exit.o)
 .text.libgcc.builtins
                0x0000028e        0x0 /usr/lib/gcc/avr/4.8.1/avr4/libgcc.a(_exit.o)
 .text.libgcc.fmul
                0x0000028e        0x0 /usr/lib/gcc/avr/4.8.1/avr4/libgcc.a(_exit.o)
 .text.libgcc.fixed
                0x0000028e        0x0 /usr/lib/gcc/avr/4.8.1/avr4/libgcc.a(_exit.o)
 .text.libgcc.mul
                0x0000028e        0x0 /usr/lib/gcc/avr/4.8.1/avr4/libgcc.a(_copy_data.o)
 .text.libgcc.div
                0x0000028e        0x0 /usr/lib/gcc/avr/4.8.1/avr4/libgcc.a(_copy_data.o)
 .text.libgcc   0x0000028e        0x0 /usr/lib/gcc/avr/4.8.1/avr4/libgcc.a(_copy_data.o)
 .text.libgcc.prologue
                0x0000028e        0x0 /usr/lib/gcc/avr/4.8.1/avr4/libgcc.a(_copy_data.o)
 .text.libgcc.builtins
                0x0000028e        0x0 /usr/lib/gcc/avr/4.8.1/avr4/libgcc.a(_copy_data.o)
 .text.libgcc.fmul
                0x0000028e        0x0 /usr/lib/gcc/avr/4.8.1/avr4/libgcc.a(_copy_data.o)
 .text.libgcc.fixed
                0x0000028e        0x0 /usr/lib/gcc/avr/4.8.1/avr4/libgcc.a(_copy_data.o)
 .text.libgcc.mul
                0x0000028e        0x0 /usr/lib/gcc/avr/4.8.1/avr4/libgcc.a(_clear_bss.o)
 .text.libgcc.div
                0x0000028e        0x0 /usr/lib/gcc/avr/4.8.1/avr4/libgcc.a(_clear_bss.o)
 .text.libgcc   0x0000028e        0x0 /usr/lib/gcc/avr/4.8.1/avr4/libgcc.a(_clear_bss.o)
 .text.libgcc.prologue
                0x0000028e        0x0 /usr/lib/gcc/avr/4.8.1/avr4/libgcc.a(_clear_bss.o)
 .text.libgcc.builtins
                0x0000028e        0x0 /usr/lib/gcc/avr/4.8.1/avr4/libgcc.a(_clear_bss.o)
 .text.libgcc.fmul
                0x0000028e        0x0 /usr/lib/gcc/avr/4.8.1/avr4/libgcc.a(_clear_bss.o)
 .text.libgcc.fixed
                0x0000028e        0x0 /usr/lib/gcc/avr/4.8.1/avr4/libgcc.a(_clear_bss.o)
 .text.libgcc.mul
                0x0000028e       0x18 /usr/lib/gcc/avr/4.8.1/avr4/libgcc.a(_umulhisi3.o)
                0x0000028e                __umulhisi3
 .text.libgcc.div
                0x000002a6        0x0 /usr/lib/gcc/avr/4.8.1/avr4/libgcc.a(_umulhisi3.o)
 .text.libgcc   0x000002a6        0x0 /usr/lib/gcc/avr/4.8.1/avr4/libgcc.a(_umulhisi3.o)
 .text.libgcc.prologue
                0x000002a6        0x0 /usr/lib/gcc/avr/4.8.1/avr4/libgcc.a(_umulhisi3.o)
 .text.libgcc.builtins
                0x000002a6        0x0 /usr/lib/gcc/avr/4.8.1/avr4/libgcc.a(_umulhisi3.o)
 .text.libgcc.fmul
                0x000002a6        0x0 /usr/lib/gcc/avr/4.8.1/avr4/libgcc.a(_umulhisi3.o)
 .text.libgcc.fixed
                0x000002a6        0x0 /usr/lib/gcc/avr/4.8.1/avr4/libgcc.a(_umulhisi3.o)
                0x000002a6                . = ALIGN (0x2)
 *(.fini9)
 .fini9         0x000002a6        0x0 /usr/lib/gcc/avr/4.8.1/avr4/libgcc.a(_exit.o)
                0x000002a6                exit
                0x000002a6                _exit
 *(.fini9)
 *(.fini8)
 *(.fini8)
 *(.fini7)
 *(.fini7)
 *(.fini6)
 *(.fini6)
 *(.fini5)
 *(.fini5)
 *(.fini4)
 *(.fini4)
 *(.fini3)
 *(.fini3)
 *(.fini2)
 *(.fini2)
 *(.fini1)
 *(.fini1)
 *(.fini0)
 .fini0         0x000002a6        0x4 /usr/lib/gcc/avr/4.8.1/avr4/libgcc.a(_exit.o)
 *(.fini0)
                0x000002aa                _etext = .

.data           0x00800060        0xc load address 0x000002aa
                0x00800060                PROVIDE (__data_start, .)
 *(.data)
 .data          0x00800060        0x0 /usr/lib/gcc/avr/4.8.1/../../../avr/lib/avr4/crtm8.o
 .data          0x00800060        0x0 avr_remote_switch.o
 .data          0x00800060        0x0 transmitter_remoteswitch_protocol.o
 .data          0x00800060        0x0 /usr/lib/gcc/avr/4.8.1/avr4/libgcc.a(_exit.o)
 .data          0x00800060        0x0 /usr/lib/gcc/avr/4.8.1/avr4/libgcc.a(_copy_data.o)
 .data          0x00800060        0x0 /usr/lib/gcc/avr/4.8.1/avr4/libgcc.a(_clear_bss.o)
 .data          0x00800060        0x0 /usr/lib/gcc/avr/4.8.1/avr4/libgcc.a(_umulhisi3.o)
 *(.data*)
 *(.rodata)
 .rodata        0x00800060        0xc avr_remote_switch.o
 *(.rodata*)
 *(.gnu.linkonce.d*)
                0x0080006c                . = ALIGN (0x2)
                0x0080006c                _edata = .
                0x0080006c                PROVIDE (__data_end, .)

.bss            0x0080006c        0x2
                0x0080006c                PROVIDE (__bss_start, .)
 *(.bss)
 .bss           0x0080006c        0x0 /usr/lib/gcc/avr/4.8.1/../../../avr/lib/avr4/crtm8.o
 .bss           0x0080006c        0x0 avr_remote_switch.o
 .bss           0x0080006c        0x2 transmitter_remoteswitch_protocol.o
                0x0080006c                timerinterrupt
                0x0080006d                datapin
 .bss           0x0080006e        0x0 /usr/lib/gcc/avr/4.8.1/avr4/libgcc.a(_exit.o)
 .bss           0x0080006e        0x0 /usr/lib/gcc/avr/4.8.1/avr4/libgcc.a(_copy_data.o)
 .bss           0x0080006e        0x0 /usr/lib/gcc/avr/4.8.1/avr4/libgcc.a(_clear_bss.o)
 .bss           0x0080006e        0x0 /usr/lib/gcc/avr/4.8.1/avr4/libgcc.a(_umulhisi3.o)
 *(.bss*)
 *(COMMON)
                0x0080006e                PROVIDE (__bss_end, .)
                0x000002aa                __data_load_start = LOADADDR (.data)
                0x000002b6                __data_load_end = (__data_load_start + SIZEOF (.data))

.noinit         0x0080006e        0x0
                0x0080006e                PROVIDE (__noinit_start, .)
 *(.noinit*)
                0x0080006e                PROVIDE (__noinit_end, .)
                0x0080006e                _end = .
                0x0080006e                PROVIDE (__heap_start, .)

.eeprom         0x00810000        0x0
 *(.eeprom*)
                0x00810000                __eeprom_end = .

.fuse
 *(.fuse)
 *(.lfuse)
 *(.hfuse)
 *(.efuse)

.lock
 *(.lock*)

.signature
 *(.signature*)

.user_signatures
 *(.user_signatures*)

.stab           0x00000000      0xd08
 *(.stab)
 .stab          0x00000000      0x63c avr_remote_switch.o
 .stab          0x0000063c      0x6cc transmitter_remoteswitch_protocol.o
                                0x8a0 (size before relaxing)

.stabstr        0x00000000      0xda8
 *(.stabstr)
 .stabstr       0x00000000      0xda8 avr_remote_switch.o

.stab.excl
 *(.stab.excl)

.stab.exclstr
 *(.stab.exclstr)

.stab.index
 *(.stab.index)

.stab.indexstr
 *(.stab.indexstr)

.comment        0x00000000       0x11
 *(.comment)
 .comment       0x00000000       0x11 avr_remote_switch.o
                                 0x12 (size before relaxing)
 .comment       0x00000000       0x12 transmitter_remoteswitch_protocol.o

.note.gnu.build-id
 *(.note.gnu.build-id)

.debug
 *(.debug)

.line
 *(.line)

.debug_srcinfo
 *(.debug_srcinfo)

.debug_sfnames
 *(.debug_sfnames)

.debug_aranges
 *(.debug_aranges)

.debug_pubnames
 *(.debug_pubnames)

.debug_info
 *(.debug_info .gnu.linkonce.wi.*)

.debug_abbrev
 *(.debug_abbrev)

.debug_line
 *(.debug_line .debug_line.* .debug_line_end)

.debug_frame
 *(.debug_frame)

.debug_str
 *(.debug_str)

.debug_loc
 *(.debug_loc)

.debug_macinfo
 *(.debug_macinfo)

.debug_weaknames
 *(.debug_weaknames)

.debug_funcnames
 *(.debug_funcnames)

.debug_typenames
 *(.debug_typenames)

.debug_varnames
 *(.debug_varnames)

.debug_pubtypes
 *(.debug_pubtypes)

.debug_ranges
 *(.debug_ranges)

.debug_macro
 *(.debug_macro)
OUTPUT(avr_remote_switch.elf elf32-avr)
LOAD linker stubs

Cross Reference Table

Symbol                                            File
__bad_interrupt                                   /usr/lib/gcc/avr/4.8.1/../../../avr/lib/avr4/crtm8.o
__bss_end                                         /usr/lib/gcc/avr/4.8.1/avr4/libgcc.a(_clear_bss.o)
__bss_start                                       /usr/lib/gcc/avr/4.8.1/avr4/libgcc.a(_clear_bss.o)
__data_end                                        /usr/lib/gcc/avr/4.8.1/avr4/libgcc.a(_copy_data.o)
__data_load_start                                 /usr/lib/gcc/avr/4.8.1/avr4/libgcc.a(_copy_data.o)
__data_start                                      /usr/lib/gcc/avr/4.8.1/avr4/libgcc.a(_copy_data.o)
__do_clear_bss                                    /usr/lib/gcc/avr/4.8.1/avr4/libgcc.a(_clear_bss.o)
                                                  transmitter_remoteswitch_protocol.o
__do_copy_data                                    /usr/lib/gcc/avr/4.8.1/avr4/libgcc.a(_copy_data.o)
                                                  avr_remote_switch.o
__heap_end                                        /usr/lib/gcc/avr/4.8.1/../../../avr/lib/avr4/crtm8.o
__init                                            /usr/lib/gcc/avr/4.8.1/../../../avr/lib/avr4/crtm8.o
__stack                                           /usr/lib/gcc/avr/4.8.1/../../../avr/lib/avr4/crtm8.o
__umulhisi3                                       /usr/lib/gcc/avr/4.8.1/avr4/libgcc.a(_umulhisi3.o)
                                                  transmitter_remoteswitch_protocol.o
__vector_1                                        /usr/lib/gcc/avr/4.8.1/../../../avr/lib/avr4/crtm8.o
__vector_10                                       /usr/lib/gcc/avr/4.8.1/../../../avr/lib/avr4/crtm8.o
__vector_11                                       /usr/lib/gcc/avr/4.8.1/../../../avr/lib/avr4/crtm8.o
__vector_12                                       /usr/lib/gcc/avr/4.8.1/../../../avr/lib/avr4/crtm8.o
__vector_13                                       /usr/lib/gcc/avr/4.8.1/../../../avr/lib/avr4/crtm8.o
__vector_14                                       /usr/lib/gcc/avr/4.8.1/../../../avr/lib/avr4/crtm8.o
__vector_15                                       /usr/lib/gcc/avr/4.8.1/../../../avr/lib/avr4/crtm8.o
__vector_16                                       /usr/lib/gcc/avr/4.8.1/../../../avr/lib/avr4/crtm8.o
__vector_17                                       /usr/lib/gcc/avr/4.8.1/../../../avr/lib/avr4/crtm8.o
__vector_18                                       /usr/lib/gcc/avr/4.8.1/../../../avr/lib/avr4/crtm8.o
__vector_2                                        avr_remote_switch.o
                                                  /usr/lib/gcc/avr/4.8.1/../../../avr/lib/avr4/crtm8.o
__vector_3                                        /usr/lib/gcc/avr/4.8.1/../../../avr/lib/avr4/crtm8.o
__vector_4                                        /usr/lib/gcc/avr/4.8.1/../../../avr/lib/avr4/crtm8.o
__vector_5                                        /usr/lib/gcc/avr/4.8.1/../../../avr/lib/avr4/crtm8.o
__vector_6                                        transmitter_remoteswitch_protocol.o
                                                  /usr/lib/gcc/avr/4.8.1/../../../avr/lib/avr4/crtm8.o
__vector_7                                        /usr/lib/gcc/avr/4.8.1/../../../avr/lib/avr4/crtm8.o
__vector_8                                        /usr/lib/gcc/avr/4.8.1/../../../avr/lib/avr4/crtm8.o
__vector_9                                        /usr/lib/gcc/avr/4.8.1/../../../avr/lib/avr4/crtm8.o
__vector_default                                  /usr/lib/gcc/avr/4.8.1/../../../avr/lib/avr4/crtm8.o
__vectors                                         /usr/lib/gcc/avr/4.8.1/../../../avr/lib/avr4/crtm8.o
_exit                                             /usr/lib/gcc/avr/4.8.1/avr4/libgcc.a(_exit.o)
datapin                                           transmitter_remoteswitch_protocol.o
exit                                              /usr/lib/gcc/avr/4.8.1/avr4/libgcc.a(_exit.o)
                                                  /usr/lib/gcc/avr/4.8.1/../../../avr/lib/avr4/crtm8.o
main                                              avr_remote_switch.o
                                                  /usr/lib/gcc/avr/4.8.1/../../../avr/lib/avr4/crtm8.o
remote_switch                                     avr_remote_switch.o
timer1delaymicro                                  transmitter_remoteswitch_protocol.o
timer1delaymilli                                  transmitter_remoteswitch_protocol.o
                                                  avr_remote_switch.o
timerinterrupt                                    transmitter_remoteswitch_protocol.o
transmitter_activate                              transmitter_remoteswitch_protocol.o
                                                  avr_remote_switch.o
transmitter_init                                  transmitter_remoteswitch_protocol.o
                                                  avr_remote_switch.o
transmitter_sendbit                               transmitter_remoteswitch_protocol.o
transmitter_sendsignal                            transmitter_remoteswitch_protocol.o
                                                  avr_remote_switch.o
