   1               		.file	"transmitter_remoteswitch_protocol.c"
   2               	__SP_H__ = 0x3e
   3               	__SP_L__ = 0x3d
   4               	__SREG__ = 0x3f
   5               	__tmp_reg__ = 0
   6               	__zero_reg__ = 1
   9               		.text
  10               	.Ltext0:
 105               	.global	transmitter_init
 107               	transmitter_init:
 108               		.stabd	46,0,0
   1:transmitter_remoteswitch_protocol.c **** #include "transmitter_remoteswitch_protocol.h"
   2:transmitter_remoteswitch_protocol.c **** 
   3:transmitter_remoteswitch_protocol.c **** //global variables to avoid multiple definitions while linking
   4:transmitter_remoteswitch_protocol.c **** uint8_t datapin = 0;
   5:transmitter_remoteswitch_protocol.c **** volatile uint8_t timerinterrupt = 0;
   6:transmitter_remoteswitch_protocol.c **** 
   7:transmitter_remoteswitch_protocol.c **** void transmitter_init()
   8:transmitter_remoteswitch_protocol.c **** {
 110               	.LM0:
 111               	.LFBB1:
 112               	/* prologue: function */
 113               	/* frame size = 0 */
 114               	/* stack size = 0 */
 115               	.L__stack_usage = 0
   9:transmitter_remoteswitch_protocol.c ****         cli();
 117               	.LM1:
 118               	/* #APP */
 119               	 ;  9 "transmitter_remoteswitch_protocol.c" 1
 120 0000 F894      		cli
 121               	 ;  0 "" 2
  10:transmitter_remoteswitch_protocol.c ****         TCCR1B |= 1<<WGM12;	//Put Timer/Counter1 in CTC mode
 123               	.LM2:
 124               	/* #NOAPP */
 125 0002 8EB5      		in r24,0x2e
 126 0004 8860      		ori r24,lo8(8)
 127 0006 8EBD      		out 0x2e,r24
  11:transmitter_remoteswitch_protocol.c ****         TIMSK |= 1<<OCIE1A;	//enable timer compare interrupt
 129               	.LM3:
 130 0008 89B7      		in r24,0x39
 131 000a 8061      		ori r24,lo8(16)
 132 000c 89BF      		out 0x39,r24
  12:transmitter_remoteswitch_protocol.c ****         sei();			//Enable global interrupts
 134               	.LM4:
 135               	/* #APP */
 136               	 ;  12 "transmitter_remoteswitch_protocol.c" 1
 137 000e 7894      		sei
 138               	 ;  0 "" 2
  13:transmitter_remoteswitch_protocol.c ****         
  14:transmitter_remoteswitch_protocol.c ****         //Setup the I/O for the LED
  15:transmitter_remoteswitch_protocol.c ****         
  16:transmitter_remoteswitch_protocol.c ****         TRANSMITTER_DDR |= (1<<TRANSMITTER_PIN_NUMBER);		//Set PortD Pin0 as an output
 140               	.LM5:
 141               	/* #NOAPP */
 142 0010 889A      		sbi 0x11,0
 143 0012 0895      		ret
 145               	.Lscope1:
 147               		.stabd	78,0,0
 150               	.global	timer1delaymicro
 152               	timer1delaymicro:
 153               		.stabd	46,0,0
  17:transmitter_remoteswitch_protocol.c **** //        TRANSMITTER_PORT |= (1<<TRANSMITTER_PIN_NUMBER);        //Set PortD Pin0 high to turn on 
  18:transmitter_remoteswitch_protocol.c **** }
  19:transmitter_remoteswitch_protocol.c **** 
  20:transmitter_remoteswitch_protocol.c **** void transmitter_sendbit(uint8_t valp)
  21:transmitter_remoteswitch_protocol.c **** {
  22:transmitter_remoteswitch_protocol.c ****         switch(valp)
  23:transmitter_remoteswitch_protocol.c ****         {
  24:transmitter_remoteswitch_protocol.c ****                 case 0:
  25:transmitter_remoteswitch_protocol.c ****                         TRANSMITTER_PORT |= (1<<TRANSMITTER_PIN_NUMBER);
  26:transmitter_remoteswitch_protocol.c ****                         timer1delaymicro(SHORTPAUSE);
  27:transmitter_remoteswitch_protocol.c ****                         TRANSMITTER_PORT &= ~(1<<TRANSMITTER_PIN_NUMBER);
  28:transmitter_remoteswitch_protocol.c ****                         timer1delaymicro(LONGPAUSE);
  29:transmitter_remoteswitch_protocol.c ****                         break;
  30:transmitter_remoteswitch_protocol.c ****                 case 1:
  31:transmitter_remoteswitch_protocol.c ****                         TRANSMITTER_PORT |= (1<<TRANSMITTER_PIN_NUMBER);
  32:transmitter_remoteswitch_protocol.c ****                         timer1delaymicro(LONGPAUSE);
  33:transmitter_remoteswitch_protocol.c ****                         TRANSMITTER_PORT &= ~(1<<TRANSMITTER_PIN_NUMBER);
  34:transmitter_remoteswitch_protocol.c ****                         timer1delaymicro(SHORTPAUSE);
  35:transmitter_remoteswitch_protocol.c ****                         break;
  36:transmitter_remoteswitch_protocol.c ****                 default:
  37:transmitter_remoteswitch_protocol.c ****                         break;
  38:transmitter_remoteswitch_protocol.c ****         }
  39:transmitter_remoteswitch_protocol.c **** }
  40:transmitter_remoteswitch_protocol.c **** 
  41:transmitter_remoteswitch_protocol.c **** void transmitter_activate()
  42:transmitter_remoteswitch_protocol.c **** {
  43:transmitter_remoteswitch_protocol.c ****         TRANSMITTER_PORT |= (1<<TRANSMITTER_PIN_NUMBER);
  44:transmitter_remoteswitch_protocol.c ****         timer1delaymilli(1);
  45:transmitter_remoteswitch_protocol.c **** }
  46:transmitter_remoteswitch_protocol.c **** 
  47:transmitter_remoteswitch_protocol.c **** void transmitter_sendsignal(uint32_t signalp, uint8_t signallengthp)
  48:transmitter_remoteswitch_protocol.c **** {
  49:transmitter_remoteswitch_protocol.c **** 	uint32_t signalcomperator = 1<<(signallengthp-1);
  50:transmitter_remoteswitch_protocol.c ****         TRANSMITTER_PORT &= ~(1<<TRANSMITTER_PIN_NUMBER);
  51:transmitter_remoteswitch_protocol.c ****         timer1delaymilli(10);
  52:transmitter_remoteswitch_protocol.c ****         for(int i = 0; i<signallengthp; i++)
  53:transmitter_remoteswitch_protocol.c ****         {
  54:transmitter_remoteswitch_protocol.c **** 		transmitter_sendbit( (signalp&signalcomperator) > 0 );
  55:transmitter_remoteswitch_protocol.c **** 		signalp = signalp<<1;
  56:transmitter_remoteswitch_protocol.c ****         }
  57:transmitter_remoteswitch_protocol.c **** }
  58:transmitter_remoteswitch_protocol.c **** 
  59:transmitter_remoteswitch_protocol.c **** void timer1delaymicro(uint16_t microsecondsp) //maximum 65536 ms
  60:transmitter_remoteswitch_protocol.c **** {
 155               	.LM6:
 156               	.LFBB2:
 157               	/* prologue: function */
 158               	/* frame size = 0 */
 159               	/* stack size = 0 */
 160               	.L__stack_usage = 0
  61:transmitter_remoteswitch_protocol.c ****         OCR1A = microsecondsp;            //set TOP of TIMER1A
 162               	.LM7:
 163 0014 9BBD      		out 0x2a+1,r25
 164 0016 8ABD      		out 0x2a,r24
  62:transmitter_remoteswitch_protocol.c ****         timerinterrupt = 0;               //clear timerinterrupt variable
 166               	.LM8:
 167 0018 1092 0000 		sts timerinterrupt,__zero_reg__
  63:transmitter_remoteswitch_protocol.c ****         TCCR1B |= 1<<CS10;	        //start timer with no prescaler
 169               	.LM9:
 170 001c 8EB5      		in r24,0x2e
 171 001e 8160      		ori r24,lo8(1)
 172 0020 8EBD      		out 0x2e,r24
 173               	.L4:
  64:transmitter_remoteswitch_protocol.c ****         while(!timerinterrupt) { }
 175               	.LM10:
 176 0022 8091 0000 		lds r24,timerinterrupt
 177 0026 8823      		tst r24
 178 0028 01F0      		breq .L4
 179               	/* epilogue start */
  65:transmitter_remoteswitch_protocol.c **** }
 181               	.LM11:
 182 002a 0895      		ret
 184               	.Lscope2:
 186               		.stabd	78,0,0
 189               	.global	transmitter_sendbit
 191               	transmitter_sendbit:
 192               		.stabd	46,0,0
  21:transmitter_remoteswitch_protocol.c ****         switch(valp)
 194               	.LM12:
 195               	.LFBB3:
 196               	/* prologue: function */
 197               	/* frame size = 0 */
 198               	/* stack size = 0 */
 199               	.L__stack_usage = 0
  22:transmitter_remoteswitch_protocol.c ****         {
 201               	.LM13:
 202 002c 8823      		tst r24
 203 002e 01F0      		breq .L8
 204 0030 8130      		cpi r24,lo8(1)
 205 0032 01F0      		breq .L9
 206 0034 0895      		ret
 207               	.L8:
  25:transmitter_remoteswitch_protocol.c ****                         timer1delaymicro(SHORTPAUSE);
 209               	.LM14:
 210 0036 909A      		sbi 0x12,0
  26:transmitter_remoteswitch_protocol.c ****                         TRANSMITTER_PORT &= ~(1<<TRANSMITTER_PIN_NUMBER);
 212               	.LM15:
 213 0038 87E7      		ldi r24,lo8(119)
 214 003a 91E0      		ldi r25,lo8(1)
 215 003c 00D0      		rcall timer1delaymicro
  27:transmitter_remoteswitch_protocol.c ****                         timer1delaymicro(LONGPAUSE);
 217               	.LM16:
 218 003e 9098      		cbi 0x12,0
  28:transmitter_remoteswitch_protocol.c ****                         break;
 220               	.LM17:
 221 0040 85E6      		ldi r24,lo8(101)
 222 0042 94E0      		ldi r25,lo8(4)
 223 0044 00C0      		rjmp .L11
 224               	.L9:
  31:transmitter_remoteswitch_protocol.c ****                         timer1delaymicro(LONGPAUSE);
 226               	.LM18:
 227 0046 909A      		sbi 0x12,0
  32:transmitter_remoteswitch_protocol.c ****                         TRANSMITTER_PORT &= ~(1<<TRANSMITTER_PIN_NUMBER);
 229               	.LM19:
 230 0048 85E6      		ldi r24,lo8(101)
 231 004a 94E0      		ldi r25,lo8(4)
 232 004c 00D0      		rcall timer1delaymicro
  33:transmitter_remoteswitch_protocol.c ****                         timer1delaymicro(SHORTPAUSE);
 234               	.LM20:
 235 004e 9098      		cbi 0x12,0
  34:transmitter_remoteswitch_protocol.c ****                         break;
 237               	.LM21:
 238 0050 87E7      		ldi r24,lo8(119)
 239 0052 91E0      		ldi r25,lo8(1)
 240               	.L11:
 241 0054 00C0      		rjmp timer1delaymicro
 243               	.Lscope3:
 245               		.stabd	78,0,0
 248               	.global	timer1delaymilli
 250               	timer1delaymilli:
 251               		.stabd	46,0,0
  66:transmitter_remoteswitch_protocol.c **** 
  67:transmitter_remoteswitch_protocol.c **** void timer1delaymilli(uint16_t millisecondsp) //maximum 16777 ms
  68:transmitter_remoteswitch_protocol.c **** {
 253               	.LM22:
 254               	.LFBB4:
 255               	/* prologue: function */
 256               	/* frame size = 0 */
 257               	/* stack size = 0 */
 258               	.L__stack_usage = 0
  69:transmitter_remoteswitch_protocol.c ****         OCR1A = (uint16_t)(((uint32_t)millisecondsp*1000)/256); //set TOP of TIMER1A
 260               	.LM23:
 261 0056 9C01      		movw r18,r24
 262 0058 A8EE      		ldi r26,lo8(-24)
 263 005a B3E0      		ldi r27,lo8(3)
 264 005c 00D0      		rcall __umulhisi3
 265 005e BB27      		clr r27
 266 0060 A92F      		mov r26,r25
 267 0062 982F      		mov r25,r24
 268 0064 872F      		mov r24,r23
 269 0066 9BBD      		out 0x2a+1,r25
 270 0068 8ABD      		out 0x2a,r24
  70:transmitter_remoteswitch_protocol.c ****         timerinterrupt = 0;                                       //clear timerinterrupt variable
 272               	.LM24:
 273 006a 1092 0000 		sts timerinterrupt,__zero_reg__
  71:transmitter_remoteswitch_protocol.c ****         TCCR1B |= 1<<CS12;                                      //start timer with prescaler 256
 275               	.LM25:
 276 006e 8EB5      		in r24,0x2e
 277 0070 8460      		ori r24,lo8(4)
 278 0072 8EBD      		out 0x2e,r24
 279               	.L14:
  72:transmitter_remoteswitch_protocol.c ****         while(!timerinterrupt) { }
 281               	.LM26:
 282 0074 8091 0000 		lds r24,timerinterrupt
 283 0078 8823      		tst r24
 284 007a 01F0      		breq .L14
 285               	/* epilogue start */
  73:transmitter_remoteswitch_protocol.c **** }
 287               	.LM27:
 288 007c 0895      		ret
 290               	.Lscope4:
 292               		.stabd	78,0,0
 294               	.global	transmitter_activate
 296               	transmitter_activate:
 297               		.stabd	46,0,0
  42:transmitter_remoteswitch_protocol.c ****         TRANSMITTER_PORT |= (1<<TRANSMITTER_PIN_NUMBER);
 299               	.LM28:
 300               	.LFBB5:
 301               	/* prologue: function */
 302               	/* frame size = 0 */
 303               	/* stack size = 0 */
 304               	.L__stack_usage = 0
  43:transmitter_remoteswitch_protocol.c ****         timer1delaymilli(1);
 306               	.LM29:
 307 007e 909A      		sbi 0x12,0
  44:transmitter_remoteswitch_protocol.c **** }
 309               	.LM30:
 310 0080 81E0      		ldi r24,lo8(1)
 311 0082 90E0      		ldi r25,0
 312 0084 00C0      		rjmp timer1delaymilli
 314               	.Lscope5:
 316               		.stabd	78,0,0
 320               	.global	transmitter_sendsignal
 322               	transmitter_sendsignal:
 323               		.stabd	46,0,0
  48:transmitter_remoteswitch_protocol.c **** 	uint32_t signalcomperator = 1<<(signallengthp-1);
 325               	.LM31:
 326               	.LFBB6:
 327 0086 8F92      		push r8
 328 0088 9F92      		push r9
 329 008a AF92      		push r10
 330 008c BF92      		push r11
 331 008e CF92      		push r12
 332 0090 DF92      		push r13
 333 0092 EF92      		push r14
 334 0094 FF92      		push r15
 335 0096 0F93      		push r16
 336 0098 1F93      		push r17
 337 009a CF93      		push r28
 338 009c DF93      		push r29
 339               	/* prologue: function */
 340               	/* frame size = 0 */
 341               	/* stack size = 12 */
 342               	.L__stack_usage = 12
 343 009e 6B01      		movw r12,r22
 344 00a0 7C01      		movw r14,r24
  49:transmitter_remoteswitch_protocol.c ****         TRANSMITTER_PORT &= ~(1<<TRANSMITTER_PIN_NUMBER);
 346               	.LM32:
 347 00a2 C42F      		mov r28,r20
 348 00a4 D0E0      		ldi r29,0
 349 00a6 CE01      		movw r24,r28
 350 00a8 0197      		sbiw r24,1
 351 00aa 21E0      		ldi r18,lo8(1)
 352 00ac 30E0      		ldi r19,0
 353 00ae 00C0      		rjmp 2f
 354               		1:
 355 00b0 220F      		lsl r18
 356 00b2 331F      		rol r19
 357               		2:
 358 00b4 8A95      		dec r24
 359 00b6 02F4      		brpl 1b
 360 00b8 4901      		movw r8,r18
 361 00ba AA24      		clr r10
 362 00bc 97FC      		sbrc r9,7
 363 00be A094      		com r10
 364 00c0 BA2C      		mov r11,r10
  50:transmitter_remoteswitch_protocol.c ****         timer1delaymilli(10);
 366               	.LM33:
 367 00c2 9098      		cbi 0x12,0
  51:transmitter_remoteswitch_protocol.c ****         for(int i = 0; i<signallengthp; i++)
 369               	.LM34:
 370 00c4 8AE0      		ldi r24,lo8(10)
 371 00c6 90E0      		ldi r25,0
 372 00c8 00D0      		rcall timer1delaymilli
 373               	.LBB2:
  52:transmitter_remoteswitch_protocol.c ****         {
 375               	.LM35:
 376 00ca 00E0      		ldi r16,0
 377 00cc 10E0      		ldi r17,0
 378               	.L17:
  52:transmitter_remoteswitch_protocol.c ****         {
 380               	.LM36:
 381 00ce 0C17      		cp r16,r28
 382 00d0 1D07      		cpc r17,r29
 383 00d2 04F4      		brge .L20
  54:transmitter_remoteswitch_protocol.c **** 		signalp = signalp<<1;
 385               	.LM37:
 386 00d4 81E0      		ldi r24,lo8(1)
 387 00d6 B701      		movw r22,r14
 388 00d8 A601      		movw r20,r12
 389 00da 4821      		and r20,r8
 390 00dc 5921      		and r21,r9
 391 00de 6A21      		and r22,r10
 392 00e0 7B21      		and r23,r11
 393 00e2 452B      		or r20,r21
 394 00e4 462B      		or r20,r22
 395 00e6 472B      		or r20,r23
 396 00e8 01F4      		brne .L18
 397 00ea 80E0      		ldi r24,0
 398               	.L18:
 399 00ec 00D0      		rcall transmitter_sendbit
  55:transmitter_remoteswitch_protocol.c ****         }
 401               	.LM38:
 402 00ee CC0C      		lsl r12
 403 00f0 DD1C      		rol r13
 404 00f2 EE1C      		rol r14
 405 00f4 FF1C      		rol r15
  52:transmitter_remoteswitch_protocol.c ****         {
 407               	.LM39:
 408 00f6 0F5F      		subi r16,-1
 409 00f8 1F4F      		sbci r17,-1
 410 00fa 00C0      		rjmp .L17
 411               	.L20:
 412               	/* epilogue start */
 413               	.LBE2:
  57:transmitter_remoteswitch_protocol.c **** 
 415               	.LM40:
 416 00fc DF91      		pop r29
 417 00fe CF91      		pop r28
 418 0100 1F91      		pop r17
 419 0102 0F91      		pop r16
 420 0104 FF90      		pop r15
 421 0106 EF90      		pop r14
 422 0108 DF90      		pop r13
 423 010a CF90      		pop r12
 424 010c BF90      		pop r11
 425 010e AF90      		pop r10
 426 0110 9F90      		pop r9
 427 0112 8F90      		pop r8
 428 0114 0895      		ret
 436               	.Lscope6:
 438               		.stabd	78,0,0
 440               	.global	__vector_6
 442               	__vector_6:
 443               		.stabd	46,0,0
  74:transmitter_remoteswitch_protocol.c **** 
  75:transmitter_remoteswitch_protocol.c **** //Interrupt Service Routine
  76:transmitter_remoteswitch_protocol.c **** ISR(TIMER1_COMPA_vect)
  77:transmitter_remoteswitch_protocol.c **** {
 445               	.LM41:
 446               	.LFBB7:
 447 0116 1F92      		push r1
 448 0118 0F92      		push r0
 449 011a 0FB6      		in r0,__SREG__
 450 011c 0F92      		push r0
 451 011e 1124      		clr __zero_reg__
 452 0120 8F93      		push r24
 453               	/* prologue: Signal */
 454               	/* frame size = 0 */
 455               	/* stack size = 4 */
 456               	.L__stack_usage = 4
  78:transmitter_remoteswitch_protocol.c ****         timerinterrupt = 1;                             //awake timer1dleay-functions
 458               	.LM42:
 459 0122 81E0      		ldi r24,lo8(1)
 460 0124 8093 0000 		sts timerinterrupt,r24
  79:transmitter_remoteswitch_protocol.c ****         TCCR1B &= ~(1<<CS10) & ~(1<<CS11) & ~(1<<CS12); //stop timer
 462               	.LM43:
 463 0128 8EB5      		in r24,0x2e
 464 012a 887F      		andi r24,lo8(-8)
 465 012c 8EBD      		out 0x2e,r24
  80:transmitter_remoteswitch_protocol.c ****         TCNT1 = 0;                                      //clear counter for the next usage
 467               	.LM44:
 468 012e 1DBC      		out 0x2c+1,__zero_reg__
 469 0130 1CBC      		out 0x2c,__zero_reg__
 470               	/* epilogue start */
  81:transmitter_remoteswitch_protocol.c **** }
 472               	.LM45:
 473 0132 8F91      		pop r24
 474 0134 0F90      		pop r0
 475 0136 0FBE      		out __SREG__,r0
 476 0138 0F90      		pop r0
 477 013a 1F90      		pop r1
 478 013c 1895      		reti
 480               	.Lscope7:
 482               		.stabd	78,0,0
 483               	.global	timerinterrupt
 484               		.section .bss
 487               	timerinterrupt:
 488 0000 00        		.zero	1
 489               	.global	datapin
 492               	datapin:
 493 0001 00        		.zero	1
 496               		.text
 498               	.Letext0:
 499               		.ident	"GCC: (GNU) 4.8.1"
 500               	.global __do_clear_bss
DEFINED SYMBOLS
                            *ABS*:00000000 transmitter_remoteswitch_protocol.c
     /tmp/ccY9Seej.s:2      *ABS*:0000003e __SP_H__
     /tmp/ccY9Seej.s:3      *ABS*:0000003d __SP_L__
     /tmp/ccY9Seej.s:4      *ABS*:0000003f __SREG__
     /tmp/ccY9Seej.s:5      *ABS*:00000000 __tmp_reg__
     /tmp/ccY9Seej.s:6      *ABS*:00000001 __zero_reg__
     /tmp/ccY9Seej.s:107    .text:00000000 transmitter_init
     /tmp/ccY9Seej.s:152    .text:00000014 timer1delaymicro
     /tmp/ccY9Seej.s:487    .bss:00000000 timerinterrupt
     /tmp/ccY9Seej.s:191    .text:0000002c transmitter_sendbit
     /tmp/ccY9Seej.s:250    .text:00000056 timer1delaymilli
     /tmp/ccY9Seej.s:296    .text:0000007e transmitter_activate
     /tmp/ccY9Seej.s:322    .text:00000086 transmitter_sendsignal
     /tmp/ccY9Seej.s:442    .text:00000116 __vector_6
     /tmp/ccY9Seej.s:492    .bss:00000001 datapin

UNDEFINED SYMBOLS
__umulhisi3
__do_clear_bss
